MPLINK 5.08, LINKER
Linker Map File - Created Fri Feb 10 23:52:43 2017

                                 Section Info
                  Section       Type    Address   Location Size(Bytes)
                ---------  ---------  ---------  ---------  ---------
             .ResetVector       code   0x000000    program   0x000004
                   .cinit    romdata   0x000004    program   0x000002
               .Interrupt       code   0x000008    program   0x00061c
                 .BootROM       code   0x000624    program   0x002000
.config_300001_BUILD/DEFAULT/PRODUCTION/FIRMWAR    romdata   0x300001    program   0x000001
.config_300002_BUILD/DEFAULT/PRODUCTION/FIRMWAR    romdata   0x300002    program   0x000001
.config_300003_BUILD/DEFAULT/PRODUCTION/FIRMWAR    romdata   0x300003    program   0x000001
.config_300005_BUILD/DEFAULT/PRODUCTION/FIRMWAR    romdata   0x300005    program   0x000001
.config_300006_BUILD/DEFAULT/PRODUCTION/FIRMWAR    romdata   0x300006    program   0x000001
.config_300008_BUILD/DEFAULT/PRODUCTION/FIRMWAR    romdata   0x300008    program   0x000001
.config_300009_BUILD/DEFAULT/PRODUCTION/FIRMWAR    romdata   0x300009    program   0x000001
.config_30000A_BUILD/DEFAULT/PRODUCTION/FIRMWAR    romdata   0x30000a    program   0x000001
.config_30000B_BUILD/DEFAULT/PRODUCTION/FIRMWAR    romdata   0x30000b    program   0x000001
.config_30000C_BUILD/DEFAULT/PRODUCTION/FIRMWAR    romdata   0x30000c    program   0x000001
.config_30000D_BUILD/DEFAULT/PRODUCTION/FIRMWAR    romdata   0x30000d    program   0x000001
               .udata_acs      udata   0x000000       data   0x00001e



                              Program Memory Usage 
                               Start         End      
                           ---------   ---------      
                            0x000000    0x000005      
                            0x000008    0x002623      
                            0x300001    0x300003      
                            0x300005    0x300006      
                            0x300008    0x30000d      
            9773 out of 66584 program addresses used, program memory utilization is 14%



                              Symbols - Sorted by Name
                     Name    Address   Location    Storage File                     
                ---------  ---------  ---------  --------- ---------                
               AciaRdCmnd   0x0003a0    program     static D:\OpenSource\MPLABX\sb-6502\firmware.asm
               AciaRdCtrl   0x0003c6    program     static D:\OpenSource\MPLABX\sb-6502\firmware.asm
               AciaRdData   0x000360    program     static D:\OpenSource\MPLABX\sb-6502\firmware.asm
               AciaRdStat   0x000376    program     static D:\OpenSource\MPLABX\sb-6502\firmware.asm
               AciaWrCmnd   0x0003ac    program     static D:\OpenSource\MPLABX\sb-6502\firmware.asm
               AciaWrCtrl   0x0003d2    program     static D:\OpenSource\MPLABX\sb-6502\firmware.asm
               AciaWrData   0x00036c    program     static D:\OpenSource\MPLABX\sb-6502\firmware.asm
               AciaWrStat   0x000392    program     static D:\OpenSource\MPLABX\sb-6502\firmware.asm
                  BlankRd   0x000354    program     static D:\OpenSource\MPLABX\sb-6502\firmware.asm
                  BlankWr   0x00035a    program     static D:\OpenSource\MPLABX\sb-6502\firmware.asm
             ComputedJump   0x000612    program     static D:\OpenSource\MPLABX\sb-6502\firmware.asm
                  Execute   0x0001ee    program     static D:\OpenSource\MPLABX\sb-6502\firmware.asm
             ForceAddress   0x00012e    program     static D:\OpenSource\MPLABX\sb-6502\firmware.asm
              HiPhaseLoad   0x0001c8    program     static D:\OpenSource\MPLABX\sb-6502\firmware.asm
              HiPhaseRead   0x0001d6    program     static D:\OpenSource\MPLABX\sb-6502\firmware.asm
             HiPhaseWrite   0x0001e2    program     static D:\OpenSource\MPLABX\sb-6502\firmware.asm
                 IOAccess   0x000248    program     static D:\OpenSource\MPLABX\sb-6502\firmware.asm
                  LoPhase   0x0001bc    program     static D:\OpenSource\MPLABX\sb-6502\firmware.asm
                LoadImage   0x000158    program     static D:\OpenSource\MPLABX\sb-6502\firmware.asm
              NoExtraRead   0x0001b2    program     static D:\OpenSource\MPLABX\sb-6502\firmware.asm
                 NormalHi   0x00023a    program     static D:\OpenSource\MPLABX\sb-6502\firmware.asm
                 NormalLo   0x000224    program     static D:\OpenSource\MPLABX\sb-6502\firmware.asm
             PowerOnReset   0x000048    program     static D:\OpenSource\MPLABX\sb-6502\firmware.asm
               PulseClock   0x0000a6    program     static D:\OpenSource\MPLABX\sb-6502\firmware.asm
                    R6502   0x00013c    program     static D:\OpenSource\MPLABX\sb-6502\firmware.asm
                  ROM6502   0x000624    program     static D:\OpenSource\MPLABX\sb-6502\firmware.asm
                 ROM65C02   0x001624    program     static D:\OpenSource\MPLABX\sb-6502\firmware.asm
                RtcRdAlm0   0x000578    program     static D:\OpenSource\MPLABX\sb-6502\firmware.asm
                RtcRdAlm1   0x00058e    program     static D:\OpenSource\MPLABX\sb-6502\firmware.asm
                RtcRdAlm2   0x0005a4    program     static D:\OpenSource\MPLABX\sb-6502\firmware.asm
                RtcRdAlm3   0x0005ba    program     static D:\OpenSource\MPLABX\sb-6502\firmware.asm
                RtcRdCtlA   0x0005d0    program     static D:\OpenSource\MPLABX\sb-6502\firmware.asm
                RtcRdCtlB   0x0005e8    program     static D:\OpenSource\MPLABX\sb-6502\firmware.asm
                RtcRdSec0   0x000518    program     static D:\OpenSource\MPLABX\sb-6502\firmware.asm
                RtcRdSec1   0x000530    program     static D:\OpenSource\MPLABX\sb-6502\firmware.asm
                RtcRdSec2   0x000548    program     static D:\OpenSource\MPLABX\sb-6502\firmware.asm
                RtcRdSec3   0x000560    program     static D:\OpenSource\MPLABX\sb-6502\firmware.asm
                RtcRdStat   0x0005fe    program     static D:\OpenSource\MPLABX\sb-6502\firmware.asm
                RtcRdSub0   0x0004e6    program     static D:\OpenSource\MPLABX\sb-6502\firmware.asm
                RtcRdSub1   0x000500    program     static D:\OpenSource\MPLABX\sb-6502\firmware.asm
                RtcWrAlm0   0x000584    program     static D:\OpenSource\MPLABX\sb-6502\firmware.asm
                RtcWrAlm1   0x00059a    program     static D:\OpenSource\MPLABX\sb-6502\firmware.asm
                RtcWrAlm2   0x0005b0    program     static D:\OpenSource\MPLABX\sb-6502\firmware.asm
                RtcWrAlm3   0x0005c6    program     static D:\OpenSource\MPLABX\sb-6502\firmware.asm
                RtcWrCtlA   0x0005dc    program     static D:\OpenSource\MPLABX\sb-6502\firmware.asm
                RtcWrCtlB   0x0005f4    program     static D:\OpenSource\MPLABX\sb-6502\firmware.asm
                RtcWrSec0   0x000524    program     static D:\OpenSource\MPLABX\sb-6502\firmware.asm
                RtcWrSec1   0x00053c    program     static D:\OpenSource\MPLABX\sb-6502\firmware.asm
                RtcWrSec2   0x000554    program     static D:\OpenSource\MPLABX\sb-6502\firmware.asm
                RtcWrSec3   0x00056c    program     static D:\OpenSource\MPLABX\sb-6502\firmware.asm
                RtcWrStat   0x00060a    program     static D:\OpenSource\MPLABX\sb-6502\firmware.asm
                RtcWrSub0   0x0004f2    program     static D:\OpenSource\MPLABX\sb-6502\firmware.asm
                RtcWrSub1   0x00050c    program     static D:\OpenSource\MPLABX\sb-6502\firmware.asm
                SpiRdData   0x00047c    program     static D:\OpenSource\MPLABX\sb-6502\firmware.asm
                SpiRdDvsr   0x0004b4    program     static D:\OpenSource\MPLABX\sb-6502\firmware.asm
                SpiRdSlct   0x0004cc    program     static D:\OpenSource\MPLABX\sb-6502\firmware.asm
                SpiRdStat   0x000492    program     static D:\OpenSource\MPLABX\sb-6502\firmware.asm
                SpiWrCtrl   0x0004a8    program     static D:\OpenSource\MPLABX\sb-6502\firmware.asm
                SpiWrData   0x000488    program     static D:\OpenSource\MPLABX\sb-6502\firmware.asm
                SpiWrDvsr   0x0004c0    program     static D:\OpenSource\MPLABX\sb-6502\firmware.asm
                SpiWrSlct   0x0004d8    program     static D:\OpenSource\MPLABX\sb-6502\firmware.asm
                StartLoad   0x000152    program     static D:\OpenSource\MPLABX\sb-6502\firmware.asm
                   UartTx   0x00061c    program     static D:\OpenSource\MPLABX\sb-6502\firmware.asm
                 WDC65C02   0x000148    program     static D:\OpenSource\MPLABX\sb-6502\firmware.asm
             WaitForReset   0x0000cc    program     static D:\OpenSource\MPLABX\sb-6502\firmware.asm
           WaitTillStable   0x00006e    program     static D:\OpenSource\MPLABX\sb-6502\firmware.asm
                 ACIA_CMD   0x000006       data     static D:\OpenSource\MPLABX\sb-6502\firmware.asm
                 ACIA_CTL   0x000007       data     static D:\OpenSource\MPLABX\sb-6502\firmware.asm
                    ADDRH   0x000002       data     static D:\OpenSource\MPLABX\sb-6502\firmware.asm
                    ADDRL   0x000001       data     static D:\OpenSource\MPLABX\sb-6502\firmware.asm
                   DEVICE   0x000000       data     static D:\OpenSource\MPLABX\sb-6502\firmware.asm
                 INT_FLAG   0x000004       data     static D:\OpenSource\MPLABX\sb-6502\firmware.asm
                 INT_MASK   0x000005       data     static D:\OpenSource\MPLABX\sb-6502\firmware.asm
                 RTC_ALM0   0x000017       data     static D:\OpenSource\MPLABX\sb-6502\firmware.asm
                 RTC_ALM1   0x000018       data     static D:\OpenSource\MPLABX\sb-6502\firmware.asm
                 RTC_ALM2   0x000019       data     static D:\OpenSource\MPLABX\sb-6502\firmware.asm
                 RTC_ALM3   0x00001a       data     static D:\OpenSource\MPLABX\sb-6502\firmware.asm
                 RTC_CTLA   0x00001b       data     static D:\OpenSource\MPLABX\sb-6502\firmware.asm
                 RTC_CTLB   0x00001c       data     static D:\OpenSource\MPLABX\sb-6502\firmware.asm
                 RTC_SEC0   0x000013       data     static D:\OpenSource\MPLABX\sb-6502\firmware.asm
                RTC_SEC0R   0x00000d       data     static D:\OpenSource\MPLABX\sb-6502\firmware.asm
                 RTC_SEC1   0x000014       data     static D:\OpenSource\MPLABX\sb-6502\firmware.asm
                RTC_SEC1R   0x00000e       data     static D:\OpenSource\MPLABX\sb-6502\firmware.asm
                 RTC_SEC2   0x000015       data     static D:\OpenSource\MPLABX\sb-6502\firmware.asm
                RTC_SEC2R   0x00000f       data     static D:\OpenSource\MPLABX\sb-6502\firmware.asm
                 RTC_SEC3   0x000016       data     static D:\OpenSource\MPLABX\sb-6502\firmware.asm
                RTC_SEC3R   0x000010       data     static D:\OpenSource\MPLABX\sb-6502\firmware.asm
                 RTC_STAT   0x00001d       data     static D:\OpenSource\MPLABX\sb-6502\firmware.asm
                 RTC_SUB0   0x000011       data     static D:\OpenSource\MPLABX\sb-6502\firmware.asm
                RTC_SUB0R   0x00000b       data     static D:\OpenSource\MPLABX\sb-6502\firmware.asm
                 RTC_SUB1   0x000012       data     static D:\OpenSource\MPLABX\sb-6502\firmware.asm
                RTC_SUB1R   0x00000c       data     static D:\OpenSource\MPLABX\sb-6502\firmware.asm
                  SCRATCH   0x000003       data     static D:\OpenSource\MPLABX\sb-6502\firmware.asm
                  SPI_CTL   0x000008       data     static D:\OpenSource\MPLABX\sb-6502\firmware.asm
                  SPI_DIV   0x000009       data     static D:\OpenSource\MPLABX\sb-6502\firmware.asm
                  SPI_SEL   0x00000a       data     static D:\OpenSource\MPLABX\sb-6502\firmware.asm



                              Symbols - Sorted by Address
                     Name    Address   Location    Storage File                     
                ---------  ---------  ---------  --------- ---------                
             PowerOnReset   0x000048    program     static D:\OpenSource\MPLABX\sb-6502\firmware.asm
           WaitTillStable   0x00006e    program     static D:\OpenSource\MPLABX\sb-6502\firmware.asm
               PulseClock   0x0000a6    program     static D:\OpenSource\MPLABX\sb-6502\firmware.asm
             WaitForReset   0x0000cc    program     static D:\OpenSource\MPLABX\sb-6502\firmware.asm
             ForceAddress   0x00012e    program     static D:\OpenSource\MPLABX\sb-6502\firmware.asm
                    R6502   0x00013c    program     static D:\OpenSource\MPLABX\sb-6502\firmware.asm
                 WDC65C02   0x000148    program     static D:\OpenSource\MPLABX\sb-6502\firmware.asm
                StartLoad   0x000152    program     static D:\OpenSource\MPLABX\sb-6502\firmware.asm
                LoadImage   0x000158    program     static D:\OpenSource\MPLABX\sb-6502\firmware.asm
              NoExtraRead   0x0001b2    program     static D:\OpenSource\MPLABX\sb-6502\firmware.asm
                  LoPhase   0x0001bc    program     static D:\OpenSource\MPLABX\sb-6502\firmware.asm
              HiPhaseLoad   0x0001c8    program     static D:\OpenSource\MPLABX\sb-6502\firmware.asm
              HiPhaseRead   0x0001d6    program     static D:\OpenSource\MPLABX\sb-6502\firmware.asm
             HiPhaseWrite   0x0001e2    program     static D:\OpenSource\MPLABX\sb-6502\firmware.asm
                  Execute   0x0001ee    program     static D:\OpenSource\MPLABX\sb-6502\firmware.asm
                 NormalLo   0x000224    program     static D:\OpenSource\MPLABX\sb-6502\firmware.asm
                 NormalHi   0x00023a    program     static D:\OpenSource\MPLABX\sb-6502\firmware.asm
                 IOAccess   0x000248    program     static D:\OpenSource\MPLABX\sb-6502\firmware.asm
                  BlankRd   0x000354    program     static D:\OpenSource\MPLABX\sb-6502\firmware.asm
                  BlankWr   0x00035a    program     static D:\OpenSource\MPLABX\sb-6502\firmware.asm
               AciaRdData   0x000360    program     static D:\OpenSource\MPLABX\sb-6502\firmware.asm
               AciaWrData   0x00036c    program     static D:\OpenSource\MPLABX\sb-6502\firmware.asm
               AciaRdStat   0x000376    program     static D:\OpenSource\MPLABX\sb-6502\firmware.asm
               AciaWrStat   0x000392    program     static D:\OpenSource\MPLABX\sb-6502\firmware.asm
               AciaRdCmnd   0x0003a0    program     static D:\OpenSource\MPLABX\sb-6502\firmware.asm
               AciaWrCmnd   0x0003ac    program     static D:\OpenSource\MPLABX\sb-6502\firmware.asm
               AciaRdCtrl   0x0003c6    program     static D:\OpenSource\MPLABX\sb-6502\firmware.asm
               AciaWrCtrl   0x0003d2    program     static D:\OpenSource\MPLABX\sb-6502\firmware.asm
                SpiRdData   0x00047c    program     static D:\OpenSource\MPLABX\sb-6502\firmware.asm
                SpiWrData   0x000488    program     static D:\OpenSource\MPLABX\sb-6502\firmware.asm
                SpiRdStat   0x000492    program     static D:\OpenSource\MPLABX\sb-6502\firmware.asm
                SpiWrCtrl   0x0004a8    program     static D:\OpenSource\MPLABX\sb-6502\firmware.asm
                SpiRdDvsr   0x0004b4    program     static D:\OpenSource\MPLABX\sb-6502\firmware.asm
                SpiWrDvsr   0x0004c0    program     static D:\OpenSource\MPLABX\sb-6502\firmware.asm
                SpiRdSlct   0x0004cc    program     static D:\OpenSource\MPLABX\sb-6502\firmware.asm
                SpiWrSlct   0x0004d8    program     static D:\OpenSource\MPLABX\sb-6502\firmware.asm
                RtcRdSub0   0x0004e6    program     static D:\OpenSource\MPLABX\sb-6502\firmware.asm
                RtcWrSub0   0x0004f2    program     static D:\OpenSource\MPLABX\sb-6502\firmware.asm
                RtcRdSub1   0x000500    program     static D:\OpenSource\MPLABX\sb-6502\firmware.asm
                RtcWrSub1   0x00050c    program     static D:\OpenSource\MPLABX\sb-6502\firmware.asm
                RtcRdSec0   0x000518    program     static D:\OpenSource\MPLABX\sb-6502\firmware.asm
                RtcWrSec0   0x000524    program     static D:\OpenSource\MPLABX\sb-6502\firmware.asm
                RtcRdSec1   0x000530    program     static D:\OpenSource\MPLABX\sb-6502\firmware.asm
                RtcWrSec1   0x00053c    program     static D:\OpenSource\MPLABX\sb-6502\firmware.asm
                RtcRdSec2   0x000548    program     static D:\OpenSource\MPLABX\sb-6502\firmware.asm
                RtcWrSec2   0x000554    program     static D:\OpenSource\MPLABX\sb-6502\firmware.asm
                RtcRdSec3   0x000560    program     static D:\OpenSource\MPLABX\sb-6502\firmware.asm
                RtcWrSec3   0x00056c    program     static D:\OpenSource\MPLABX\sb-6502\firmware.asm
                RtcRdAlm0   0x000578    program     static D:\OpenSource\MPLABX\sb-6502\firmware.asm
                RtcWrAlm0   0x000584    program     static D:\OpenSource\MPLABX\sb-6502\firmware.asm
                RtcRdAlm1   0x00058e    program     static D:\OpenSource\MPLABX\sb-6502\firmware.asm
                RtcWrAlm1   0x00059a    program     static D:\OpenSource\MPLABX\sb-6502\firmware.asm
                RtcRdAlm2   0x0005a4    program     static D:\OpenSource\MPLABX\sb-6502\firmware.asm
                RtcWrAlm2   0x0005b0    program     static D:\OpenSource\MPLABX\sb-6502\firmware.asm
                RtcRdAlm3   0x0005ba    program     static D:\OpenSource\MPLABX\sb-6502\firmware.asm
                RtcWrAlm3   0x0005c6    program     static D:\OpenSource\MPLABX\sb-6502\firmware.asm
                RtcRdCtlA   0x0005d0    program     static D:\OpenSource\MPLABX\sb-6502\firmware.asm
                RtcWrCtlA   0x0005dc    program     static D:\OpenSource\MPLABX\sb-6502\firmware.asm
                RtcRdCtlB   0x0005e8    program     static D:\OpenSource\MPLABX\sb-6502\firmware.asm
                RtcWrCtlB   0x0005f4    program     static D:\OpenSource\MPLABX\sb-6502\firmware.asm
                RtcRdStat   0x0005fe    program     static D:\OpenSource\MPLABX\sb-6502\firmware.asm
                RtcWrStat   0x00060a    program     static D:\OpenSource\MPLABX\sb-6502\firmware.asm
             ComputedJump   0x000612    program     static D:\OpenSource\MPLABX\sb-6502\firmware.asm
                   UartTx   0x00061c    program     static D:\OpenSource\MPLABX\sb-6502\firmware.asm
                  ROM6502   0x000624    program     static D:\OpenSource\MPLABX\sb-6502\firmware.asm
                 ROM65C02   0x001624    program     static D:\OpenSource\MPLABX\sb-6502\firmware.asm
                   DEVICE   0x000000       data     static D:\OpenSource\MPLABX\sb-6502\firmware.asm
                    ADDRL   0x000001       data     static D:\OpenSource\MPLABX\sb-6502\firmware.asm
                    ADDRH   0x000002       data     static D:\OpenSource\MPLABX\sb-6502\firmware.asm
                  SCRATCH   0x000003       data     static D:\OpenSource\MPLABX\sb-6502\firmware.asm
                 INT_FLAG   0x000004       data     static D:\OpenSource\MPLABX\sb-6502\firmware.asm
                 INT_MASK   0x000005       data     static D:\OpenSource\MPLABX\sb-6502\firmware.asm
                 ACIA_CMD   0x000006       data     static D:\OpenSource\MPLABX\sb-6502\firmware.asm
                 ACIA_CTL   0x000007       data     static D:\OpenSource\MPLABX\sb-6502\firmware.asm
                  SPI_CTL   0x000008       data     static D:\OpenSource\MPLABX\sb-6502\firmware.asm
                  SPI_DIV   0x000009       data     static D:\OpenSource\MPLABX\sb-6502\firmware.asm
                  SPI_SEL   0x00000a       data     static D:\OpenSource\MPLABX\sb-6502\firmware.asm
                RTC_SUB0R   0x00000b       data     static D:\OpenSource\MPLABX\sb-6502\firmware.asm
                RTC_SUB1R   0x00000c       data     static D:\OpenSource\MPLABX\sb-6502\firmware.asm
                RTC_SEC0R   0x00000d       data     static D:\OpenSource\MPLABX\sb-6502\firmware.asm
                RTC_SEC1R   0x00000e       data     static D:\OpenSource\MPLABX\sb-6502\firmware.asm
                RTC_SEC2R   0x00000f       data     static D:\OpenSource\MPLABX\sb-6502\firmware.asm
                RTC_SEC3R   0x000010       data     static D:\OpenSource\MPLABX\sb-6502\firmware.asm
                 RTC_SUB0   0x000011       data     static D:\OpenSource\MPLABX\sb-6502\firmware.asm
                 RTC_SUB1   0x000012       data     static D:\OpenSource\MPLABX\sb-6502\firmware.asm
                 RTC_SEC0   0x000013       data     static D:\OpenSource\MPLABX\sb-6502\firmware.asm
                 RTC_SEC1   0x000014       data     static D:\OpenSource\MPLABX\sb-6502\firmware.asm
                 RTC_SEC2   0x000015       data     static D:\OpenSource\MPLABX\sb-6502\firmware.asm
                 RTC_SEC3   0x000016       data     static D:\OpenSource\MPLABX\sb-6502\firmware.asm
                 RTC_ALM0   0x000017       data     static D:\OpenSource\MPLABX\sb-6502\firmware.asm
                 RTC_ALM1   0x000018       data     static D:\OpenSource\MPLABX\sb-6502\firmware.asm
                 RTC_ALM2   0x000019       data     static D:\OpenSource\MPLABX\sb-6502\firmware.asm
                 RTC_ALM3   0x00001a       data     static D:\OpenSource\MPLABX\sb-6502\firmware.asm
                 RTC_CTLA   0x00001b       data     static D:\OpenSource\MPLABX\sb-6502\firmware.asm
                 RTC_CTLB   0x00001c       data     static D:\OpenSource\MPLABX\sb-6502\firmware.asm
                 RTC_STAT   0x00001d       data     static D:\OpenSource\MPLABX\sb-6502\firmware.asm


